Archive member included to satisfy reference by file (symbol)

c:/ac6/systemworkbench/plugins/fr.ac6.mcu.externaltools.arm-none.win32_1.16.0.201807130628/tools/compiler/bin/../lib/gcc/arm-none-eabi/7.2.1/../../../../arm-none-eabi/lib/thumb/v7-m\libc_nano.a(lib_a-exit.o)
                              c:/ac6/systemworkbench/plugins/fr.ac6.mcu.externaltools.arm-none.win32_1.16.0.201807130628/tools/compiler/bin/../lib/gcc/arm-none-eabi/7.2.1/../../../../arm-none-eabi/lib/thumb/v7-m/crt0.o (exit)
c:/ac6/systemworkbench/plugins/fr.ac6.mcu.externaltools.arm-none.win32_1.16.0.201807130628/tools/compiler/bin/../lib/gcc/arm-none-eabi/7.2.1/../../../../arm-none-eabi/lib/thumb/v7-m\libc_nano.a(lib_a-impure.o)
                              c:/ac6/systemworkbench/plugins/fr.ac6.mcu.externaltools.arm-none.win32_1.16.0.201807130628/tools/compiler/bin/../lib/gcc/arm-none-eabi/7.2.1/../../../../arm-none-eabi/lib/thumb/v7-m\libc_nano.a(lib_a-exit.o) (_global_impure_ptr)
c:/ac6/systemworkbench/plugins/fr.ac6.mcu.externaltools.arm-none.win32_1.16.0.201807130628/tools/compiler/bin/../lib/gcc/arm-none-eabi/7.2.1/../../../../arm-none-eabi/lib/thumb/v7-m\libc_nano.a(lib_a-init.o)
                              c:/ac6/systemworkbench/plugins/fr.ac6.mcu.externaltools.arm-none.win32_1.16.0.201807130628/tools/compiler/bin/../lib/gcc/arm-none-eabi/7.2.1/../../../../arm-none-eabi/lib/thumb/v7-m/crt0.o (__libc_init_array)
c:/ac6/systemworkbench/plugins/fr.ac6.mcu.externaltools.arm-none.win32_1.16.0.201807130628/tools/compiler/bin/../lib/gcc/arm-none-eabi/7.2.1/../../../../arm-none-eabi/lib/thumb/v7-m\libc_nano.a(lib_a-memset.o)
                              c:/ac6/systemworkbench/plugins/fr.ac6.mcu.externaltools.arm-none.win32_1.16.0.201807130628/tools/compiler/bin/../lib/gcc/arm-none-eabi/7.2.1/../../../../arm-none-eabi/lib/thumb/v7-m/crt0.o (memset)
c:/ac6/systemworkbench/plugins/fr.ac6.mcu.externaltools.arm-none.win32_1.16.0.201807130628/tools/compiler/bin/../lib/gcc/arm-none-eabi/7.2.1/../../../../arm-none-eabi/lib/thumb/v7-m\libnosys.a(_exit.o)
                              c:/ac6/systemworkbench/plugins/fr.ac6.mcu.externaltools.arm-none.win32_1.16.0.201807130628/tools/compiler/bin/../lib/gcc/arm-none-eabi/7.2.1/../../../../arm-none-eabi/lib/thumb/v7-m\libc_nano.a(lib_a-exit.o) (_exit)

Allocating common symbols
Common symbol       size              file

_print_signal       0x5               Core/Src/main.o
Rollback_Read       0x2               Core/Src/main.o
App_Stroke_mm_Operation
                    0x4               Core/Src/main.o
CARTON_PRESS_DELAY  0x4               Core/Src/main.o
PIPE_on             0x4               Core/Src/main.o
huart3              0x40              Core/Src/main.o
uwTick              0x4               Drivers/STM32F1xx_HAL_Driver/Src/stm32f1xx_hal.o
_buff               0x4               Core/Src/main.o
pFlash              0x20              Drivers/STM32F1xx_HAL_Driver/Src/stm32f1xx_hal_flash.o
PIPE_off            0x4               Core/Src/main.o
App_Stroke_mm       0x4               Core/Src/main.o
PRINT_on            0x4               Core/Src/main.o
SPS                 0x1               Core/Src/main.o
uartchar_rec_buffer
                    0xc8              Core/Src/main.o
Suction_On_time     0x4               Core/Src/main.o
carton_sen          0x1               Core/Src/main.o
Incremental_counter
                    0x4               Core/Src/stm32f1xx_it.o
rollback_home       0x1               Core/Src/main.o
uartchar            0x1               Core/Src/main.o
count_buff          0x4               Core/Src/main.o

Discarded input sections

 .text          0x00000000        0x0 c:/ac6/systemworkbench/plugins/fr.ac6.mcu.externaltools.arm-none.win32_1.16.0.201807130628/tools/compiler/bin/../lib/gcc/arm-none-eabi/7.2.1/thumb/v7-m/crti.o
 .data          0x00000000        0x0 c:/ac6/systemworkbench/plugins/fr.ac6.mcu.externaltools.arm-none.win32_1.16.0.201807130628/tools/compiler/bin/../lib/gcc/arm-none-eabi/7.2.1/thumb/v7-m/crti.o
 .bss           0x00000000        0x0 c:/ac6/systemworkbench/plugins/fr.ac6.mcu.externaltools.arm-none.win32_1.16.0.201807130628/tools/compiler/bin/../lib/gcc/arm-none-eabi/7.2.1/thumb/v7-m/crti.o
 .data          0x00000000        0x4 c:/ac6/systemworkbench/plugins/fr.ac6.mcu.externaltools.arm-none.win32_1.16.0.201807130628/tools/compiler/bin/../lib/gcc/arm-none-eabi/7.2.1/thumb/v7-m/crtbegin.o
 .text          0x00000000       0x74 c:/ac6/systemworkbench/plugins/fr.ac6.mcu.externaltools.arm-none.win32_1.16.0.201807130628/tools/compiler/bin/../lib/gcc/arm-none-eabi/7.2.1/../../../../arm-none-eabi/lib/thumb/v7-m/crt0.o
 .data          0x00000000        0x0 c:/ac6/systemworkbench/plugins/fr.ac6.mcu.externaltools.arm-none.win32_1.16.0.201807130628/tools/compiler/bin/../lib/gcc/arm-none-eabi/7.2.1/../../../../arm-none-eabi/lib/thumb/v7-m/crt0.o
[...]
Memory Configuration

Name             Origin             Length             Attributes
RAM              0x20000000         0x00005000         xrw
FLASH            0x08000000         0x00020000         xr
*default*        0x00000000         0xffffffff

Linker script and memory map

LOAD c:/ac6/systemworkbench/plugins/fr.ac6.mcu.externaltools.arm-none.win32_1.16.0.201807130628/tools/compiler/bin/../lib/gcc/arm-none-eabi/7.2.1/thumb/v7-m/crti.o
LOAD c:/ac6/systemworkbench/plugins/fr.ac6.mcu.externaltools.arm-none.win32_1.16.0.201807130628/tools/compiler/bin/../lib/gcc/arm-none-eabi/7.2.1/thumb/v7-m/crtbegin.o
LOAD c:/ac6/systemworkbench/plugins/fr.ac6.mcu.externaltools.arm-none.win32_1.16.0.201807130628/tools/compiler/bin/../lib/gcc/arm-none-eabi/7.2.1/../../../../arm-none-eabi/lib/thumb/v7-m/crt0.o
LOAD Core/Src/main.o
LOAD Core/Src/stm32f1xx_hal_msp.o
LOAD Core/Src/stm32f1xx_it.o
LOAD Core/Src/system_stm32f1xx.o
LOAD Drivers/STM32F1xx_HAL_Driver/Src/stm32f1xx_hal.o
LOAD Drivers/STM32F1xx_HAL_Driver/Src/stm32f1xx_hal_cortex.o
LOAD Drivers/STM32F1xx_HAL_Driver/Src/stm32f1xx_hal_dma.o
LOAD Drivers/STM32F1xx_HAL_Driver/Src/stm32f1xx_hal_flash.o
LOAD Drivers/STM32F1xx_HAL_Driver/Src/stm32f1xx_hal_flash_ex.o
LOAD Drivers/STM32F1xx_HAL_Driver/Src/stm32f1xx_hal_gpio.o
LOAD Drivers/STM32F1xx_HAL_Driver/Src/stm32f1xx_hal_gpio_ex.o
LOAD Drivers/STM32F1xx_HAL_Driver/Src/stm32f1xx_hal_pwr.o
LOAD Drivers/STM32F1xx_HAL_Driver/Src/stm32f1xx_hal_rcc.o
LOAD Drivers/STM32F1xx_HAL_Driver/Src/stm32f1xx_hal_rcc_ex.o
LOAD Drivers/STM32F1xx_HAL_Driver/Src/stm32f1xx_hal_tim.o
LOAD Drivers/STM32F1xx_HAL_Driver/Src/stm32f1xx_hal_tim_ex.o
LOAD Drivers/STM32F1xx_HAL_Driver/Src/stm32f1xx_hal_uart.o
LOAD startup/startup_stm32f103xb.o
LOAD c:/ac6/systemworkbench/plugins/fr.ac6.mcu.externaltools.arm-none.win32_1.16.0.201807130628/tools/compiler/bin/../lib/gcc/arm-none-eabi/7.2.1/../../../../arm-none-eabi/lib/thumb/v7-m\libm.a
START GROUP
LOAD c:/ac6/systemworkbench/plugins/fr.ac6.mcu.externaltools.arm-none.win32_1.16.0.201807130628/tools/compiler/bin/../lib/gcc/arm-none-eabi/7.2.1/thumb/v7-m\libgcc.a
LOAD c:/ac6/systemworkbench/plugins/fr.ac6.mcu.externaltools.arm-none.win32_1.16.0.201807130628/tools/compiler/bin/../lib/gcc/arm-none-eabi/7.2.1/../../../../arm-none-eabi/lib/thumb/v7-m\libc_nano.a
END GROUP
START GROUP
LOAD c:/ac6/systemworkbench/plugins/fr.ac6.mcu.externaltools.arm-none.win32_1.16.0.201807130628/tools/compiler/bin/../lib/gcc/arm-none-eabi/7.2.1/thumb/v7-m\libgcc.a
LOAD c:/ac6/systemworkbench/plugins/fr.ac6.mcu.externaltools.arm-none.win32_1.16.0.201807130628/tools/compiler/bin/../lib/gcc/arm-none-eabi/7.2.1/../../../../arm-none-eabi/lib/thumb/v7-m\libc_nano.a
LOAD c:/ac6/systemworkbench/plugins/fr.ac6.mcu.externaltools.arm-none.win32_1.16.0.201807130628/tools/compiler/bin/../lib/gcc/arm-none-eabi/7.2.1/../../../../arm-none-eabi/lib/thumb/v7-m\libnosys.a
END GROUP
START GROUP
LOAD c:/ac6/systemworkbench/plugins/fr.ac6.mcu.externaltools.arm-none.win32_1.16.0.201807130628/tools/compiler/bin/../lib/gcc/arm-none-eabi/7.2.1/thumb/v7-m\libgcc.a
LOAD c:/ac6/systemworkbench/plugins/fr.ac6.mcu.externaltools.arm-none.win32_1.16.0.201807130628/tools/compiler/bin/../lib/gcc/arm-none-eabi/7.2.1/../../../../arm-none-eabi/lib/thumb/v7-m\libc_nano.a
LOAD c:/ac6/systemworkbench/plugins/fr.ac6.mcu.externaltools.arm-none.win32_1.16.0.201807130628/tools/compiler/bin/../lib/gcc/arm-none-eabi/7.2.1/../../../../arm-none-eabi/lib/thumb/v7-m\libnosys.a
END GROUP
LOAD c:/ac6/systemworkbench/plugins/fr.ac6.mcu.externaltools.arm-none.win32_1.16.0.201807130628/tools/compiler/bin/../lib/gcc/arm-none-eabi/7.2.1/thumb/v7-m/crtend.o
LOAD c:/ac6/systemworkbench/plugins/fr.ac6.mcu.externaltools.arm-none.win32_1.16.0.201807130628/tools/compiler/bin/../lib/gcc/arm-none-eabi/7.2.1/thumb/v7-m/crtn.o
                0x20005000                _estack = 0x20005000
                0x00000200                _Min_Heap_Size = 0x200
                0x00000400                _Min_Stack_Size = 0x400

.isr_vector     0x08000000      0x10c
                0x08000000                . = ALIGN (0x4)
 *(.isr_vector)
 .isr_vector    0x08000000      0x10c startup/startup_stm32f103xb.o
                0x08000000                g_pfnVectors
                0x0800010c                . = ALIGN (0x4)

.text           0x0800010c     0x3078
                0x0800010c                . = ALIGN (0x4)
 *(.text)
 .text          0x0800010c       0x40 c:/ac6/systemworkbench/plugins/fr.ac6.mcu.externaltools.arm-none.win32_1.16.0.201807130628/tools/compiler/bin/../lib/gcc/arm-none-eabi/7.2.1/thumb/v7-m/crtbegin.o
 *(.text*)
 .text.NVIC_SystemReset
                0x0800014c       0x24 Core/Src/main.o
 .text.Roll_back_ARm.constprop.1
                0x08000170       0xa8 Core/Src/main.o
 .text.motor_move_mtrid_step_dir_frequency.constprop.5
                0x08000218       0xa0 Core/Src/main.o
 .text.motor_move_mtrid_step_dir_frequency.constprop.4
                0x080002b8      0x38c Core/Src/main.o
 .text.DWT_Delay_Init
                0x08000644       0x40 Core/Src/main.o
                0x08000644                DWT_Delay_Init
 .text.___wait  0x08000684       0xf0 Core/Src/main.o
                0x08000684                ___wait
 .text.sensor_check
                0x08000774      0x1c8 Core/Src/main.o
                0x08000774                sensor_check
 .text.SystemClock_Config
                0x0800093c       0x50 Core/Src/main.o
                0x0800093c                SystemClock_Config
 .text.startup.main
                0x0800098c     0x15bc Core/Src/main.o
                0x0800098c                main
 .text.HAL_GPIO_EXTI_Callback
                0x08001f48        0x8 Core/Src/main.o
                0x08001f48                HAL_GPIO_EXTI_Callback
 .text.HAL_MspInit
                0x08001f50       0x44 Core/Src/stm32f1xx_hal_msp.o
                0x08001f50                HAL_MspInit
 .text.HAL_UART_MspInit
                0x08001f94       0x88 Core/Src/stm32f1xx_hal_msp.o
                0x08001f94                HAL_UART_MspInit
 .text.NMI_Handler
                0x0800201c        0x4 Core/Src/stm32f1xx_it.o
                0x0800201c                NMI_Handler
 .text.HardFault_Handler
                0x08002020        0x4 Core/Src/stm32f1xx_it.o
                0x08002020                HardFault_Handler
 .text.MemManage_Handler
                0x08002024        0x4 Core/Src/stm32f1xx_it.o
                0x08002024                MemManage_Handler
 .text.BusFault_Handler
                0x08002028        0x4 Core/Src/stm32f1xx_it.o
                0x08002028                BusFault_Handler
 .text.UsageFault_Handler
                0x0800202c        0x4 Core/Src/stm32f1xx_it.o
                0x0800202c                UsageFault_Handler
 .text.SVC_Handler
                0x08002030        0x4 Core/Src/stm32f1xx_it.o
                0x08002030                SVC_Handler
 .text.DebugMon_Handler
                0x08002034        0x4 Core/Src/stm32f1xx_it.o
                0x08002034                DebugMon_Handler
 .text.PendSV_Handler
                0x08002038        0x4 Core/Src/stm32f1xx_it.o
                0x08002038                PendSV_Handler
 .text.SysTick_Handler
                0x0800203c        0x4 Core/Src/stm32f1xx_it.o
                0x0800203c                SysTick_Handler
 .text.EXTI9_5_IRQHandler
                0x08002040        0x8 Core/Src/stm32f1xx_it.o
                0x08002040                EXTI9_5_IRQHandler
 .text.TIM4_IRQHandler
                0x08002048        0x4 Core/Src/stm32f1xx_it.o
                0x08002048                TIM4_IRQHandler
 .text.USART3_IRQHandler
                0x0800204c        0xc Core/Src/stm32f1xx_it.o
                0x0800204c                USART3_IRQHandler
 .text.SystemInit
                0x08002058       0x50 Core/Src/system_stm32f1xx.o
                0x08002058                SystemInit
 .text.HAL_InitTick
                0x080020a8       0x44 Drivers/STM32F1xx_HAL_Driver/Src/stm32f1xx_hal.o
                0x080020a8                HAL_InitTick
 .text.HAL_Init
                0x080020ec       0x24 Drivers/STM32F1xx_HAL_Driver/Src/stm32f1xx_hal.o
                0x080020ec                HAL_Init
 .text.HAL_IncTick
                0x08002110       0x18 Drivers/STM32F1xx_HAL_Driver/Src/stm32f1xx_hal.o
                0x08002110                HAL_IncTick
 .text.HAL_GetTick
                0x08002128        0xc Drivers/STM32F1xx_HAL_Driver/Src/stm32f1xx_hal.o
                0x08002128                HAL_GetTick
 .text.HAL_NVIC_SetPriorityGrouping
                0x08002134       0x24 Drivers/STM32F1xx_HAL_Driver/Src/stm32f1xx_hal_cortex.o
                0x08002134                HAL_NVIC_SetPriorityGrouping
 .text.HAL_NVIC_SetPriority
                0x08002158       0x6c Drivers/STM32F1xx_HAL_Driver/Src/stm32f1xx_hal_cortex.o
                0x08002158                HAL_NVIC_SetPriority
 .text.HAL_NVIC_EnableIRQ
                0x080021c4       0x18 Drivers/STM32F1xx_HAL_Driver/Src/stm32f1xx_hal_cortex.o
                0x080021c4                HAL_NVIC_EnableIRQ
 .text.HAL_SYSTICK_Config
                0x080021dc       0x30 Drivers/STM32F1xx_HAL_Driver/Src/stm32f1xx_hal_cortex.o
                0x080021dc                HAL_SYSTICK_Config
 .text.HAL_DMA_Abort_IT
                0x0800220c       0x98 Drivers/STM32F1xx_HAL_Driver/Src/stm32f1xx_hal_dma.o
                0x0800220c                HAL_DMA_Abort_IT
 .text.HAL_GPIO_Init
                0x080022a4      0x1e0 Drivers/STM32F1xx_HAL_Driver/Src/stm32f1xx_hal_gpio.o
                0x080022a4                HAL_GPIO_Init
 .text.HAL_GPIO_ReadPin
                0x08002484        0xc Drivers/STM32F1xx_HAL_Driver/Src/stm32f1xx_hal_gpio.o
                0x08002484                HAL_GPIO_ReadPin
 .text.HAL_GPIO_WritePin
                0x08002490        0x8 Drivers/STM32F1xx_HAL_Driver/Src/stm32f1xx_hal_gpio.o
                0x08002490                HAL_GPIO_WritePin
 .text.HAL_GPIO_TogglePin
                0x08002498        0x8 Drivers/STM32F1xx_HAL_Driver/Src/stm32f1xx_hal_gpio.o
                0x08002498                HAL_GPIO_TogglePin
 .text.HAL_GPIO_EXTI_IRQHandler
                0x080024a0       0x18 Drivers/STM32F1xx_HAL_Driver/Src/stm32f1xx_hal_gpio.o
                0x080024a0                HAL_GPIO_EXTI_IRQHandler
 .text.HAL_RCC_OscConfig
                0x080024b8      0x3d0 Drivers/STM32F1xx_HAL_Driver/Src/stm32f1xx_hal_rcc.o
                0x080024b8                HAL_RCC_OscConfig
 .text.HAL_RCC_ClockConfig
                0x08002888      0x1c8 Drivers/STM32F1xx_HAL_Driver/Src/stm32f1xx_hal_rcc.o
                0x08002888                HAL_RCC_ClockConfig
 .text.HAL_RCC_GetHCLKFreq
                0x08002a50        0xc Drivers/STM32F1xx_HAL_Driver/Src/stm32f1xx_hal_rcc.o
                0x08002a50                HAL_RCC_GetHCLKFreq
 .text.HAL_RCC_GetPCLK1Freq
                0x08002a5c       0x20 Drivers/STM32F1xx_HAL_Driver/Src/stm32f1xx_hal_rcc.o
                0x08002a5c                HAL_RCC_GetPCLK1Freq
 .text.HAL_RCC_GetPCLK2Freq
                0x08002a7c       0x20 Drivers/STM32F1xx_HAL_Driver/Src/stm32f1xx_hal_rcc.o
                0x08002a7c                HAL_RCC_GetPCLK2Freq
 .text.HAL_UART_Init
                0x08002a9c      0x1c8 Drivers/STM32F1xx_HAL_Driver/Src/stm32f1xx_hal_uart.o
                0x08002a9c                HAL_UART_Init
 .text.HAL_UART_Transmit
                0x08002c64      0x114 Drivers/STM32F1xx_HAL_Driver/Src/stm32f1xx_hal_uart.o
                0x08002c64                HAL_UART_Transmit
 .text.HAL_UART_Receive
                0x08002d78      0x140 Drivers/STM32F1xx_HAL_Driver/Src/stm32f1xx_hal_uart.o
                0x08002d78                HAL_UART_Receive
 .text.HAL_UART_TxCpltCallback
                0x08002eb8        0x4 Drivers/STM32F1xx_HAL_Driver/Src/stm32f1xx_hal_uart.o
                0x08002eb8                HAL_UART_TxCpltCallback
 .text.HAL_UART_RxCpltCallback
                0x08002ebc        0x4 Drivers/STM32F1xx_HAL_Driver/Src/stm32f1xx_hal_uart.o
                0x08002ebc                HAL_UART_RxCpltCallback
 .text.UART_Receive_IT.part.1
                0x08002ec0       0x6c Drivers/STM32F1xx_HAL_Driver/Src/stm32f1xx_hal_uart.o
 .text.HAL_UART_ErrorCallback
                0x08002f2c        0x4 Drivers/STM32F1xx_HAL_Driver/Src/stm32f1xx_hal_uart.o
                0x08002f2c                HAL_UART_ErrorCallback
 .text.HAL_UART_IRQHandler
                0x08002f30      0x184 Drivers/STM32F1xx_HAL_Driver/Src/stm32f1xx_hal_uart.o
                0x08002f30                HAL_UART_IRQHandler
 .text.UART_DMAAbortOnError
                0x080030b4       0x14 Drivers/STM32F1xx_HAL_Driver/Src/stm32f1xx_hal_uart.o
 .text.Reset_Handler
                0x080030c8       0x48 startup/startup_stm32f103xb.o
                0x080030c8                Reset_Handler
 .text.Default_Handler
                0x08003110        0x2 startup/startup_stm32f103xb.o
                0x08003110                RTC_Alarm_IRQHandler
                0x08003110                EXTI2_IRQHandler
                0x08003110                TIM1_CC_IRQHandler
                0x08003110                PVD_IRQHandler
                0x08003110                EXTI3_IRQHandler
                0x08003110                EXTI0_IRQHandler
                0x08003110                I2C2_EV_IRQHandler
                0x08003110                ADC1_2_IRQHandler
                0x08003110                SPI1_IRQHandler
                0x08003110                TAMPER_IRQHandler
                0x08003110                DMA1_Channel4_IRQHandler
                0x08003110                RTC_IRQHandler
                0x08003110                DMA1_Channel7_IRQHandler
                0x08003110                CAN1_RX1_IRQHandler
                0x08003110                I2C1_EV_IRQHandler
                0x08003110                DMA1_Channel6_IRQHandler
                0x08003110                TIM3_IRQHandler
                0x08003110                RCC_IRQHandler
                0x08003110                TIM1_TRG_COM_IRQHandler
                0x08003110                DMA1_Channel1_IRQHandler
                0x08003110                Default_Handler
                0x08003110                EXTI15_10_IRQHandler
                0x08003110                SPI2_IRQHandler
                0x08003110                DMA1_Channel5_IRQHandler
                0x08003110                EXTI4_IRQHandler
                0x08003110                USB_LP_CAN1_RX0_IRQHandler
                0x08003110                USB_HP_CAN1_TX_IRQHandler
                0x08003110                DMA1_Channel3_IRQHandler
                0x08003110                TIM1_UP_IRQHandler
                0x08003110                WWDG_IRQHandler
                0x08003110                TIM2_IRQHandler
                0x08003110                TIM1_BRK_IRQHandler
                0x08003110                EXTI1_IRQHandler
                0x08003110                USART2_IRQHandler
                0x08003110                I2C2_ER_IRQHandler
                0x08003110                DMA1_Channel2_IRQHandler
                0x08003110                CAN1_SCE_IRQHandler
                0x08003110                FLASH_IRQHandler
                0x08003110                USART1_IRQHandler
                0x08003110                I2C1_ER_IRQHandler
                0x08003110                USBWakeUp_IRQHandler
 *fill*         0x08003112        0x2 
 .text.__libc_init_array
                0x08003114       0x48 c:/ac6/systemworkbench/plugins/fr.ac6.mcu.externaltools.arm-none.win32_1.16.0.201807130628/tools/compiler/bin/../lib/gcc/arm-none-eabi/7.2.1/../../../../arm-none-eabi/lib/thumb/v7-m\libc_nano.a(lib_a-init.o)
                0x08003114                __libc_init_array
 .text.memset   0x0800315c       0x10 c:/ac6/systemworkbench/plugins/fr.ac6.mcu.externaltools.arm-none.win32_1.16.0.201807130628/tools/compiler/bin/../lib/gcc/arm-none-eabi/7.2.1/../../../../arm-none-eabi/lib/thumb/v7-m\libc_nano.a(lib_a-memset.o)
                0x0800315c                memset
 *(.glue_7)
 .glue_7        0x0800316c        0x0 linker stubs
 *(.glue_7t)
 .glue_7t       0x0800316c        0x0 linker stubs
 *(.eh_frame)
 .eh_frame      0x0800316c        0x0 c:/ac6/systemworkbench/plugins/fr.ac6.mcu.externaltools.arm-none.win32_1.16.0.201807130628/tools/compiler/bin/../lib/gcc/arm-none-eabi/7.2.1/thumb/v7-m/crtbegin.o
 *(.init)
 .init          0x0800316c        0x4 c:/ac6/systemworkbench/plugins/fr.ac6.mcu.externaltools.arm-none.win32_1.16.0.201807130628/tools/compiler/bin/../lib/gcc/arm-none-eabi/7.2.1/thumb/v7-m/crti.o
                0x0800316c                _init
 .init          0x08003170        0x8 c:/ac6/systemworkbench/plugins/fr.ac6.mcu.externaltools.arm-none.win32_1.16.0.201807130628/tools/compiler/bin/../lib/gcc/arm-none-eabi/7.2.1/thumb/v7-m/crtn.o
 *(.fini)
 .fini          0x08003178        0x4 c:/ac6/systemworkbench/plugins/fr.ac6.mcu.externaltools.arm-none.win32_1.16.0.201807130628/tools/compiler/bin/../lib/gcc/arm-none-eabi/7.2.1/thumb/v7-m/crti.o
                0x08003178                _fini
 .fini          0x0800317c        0x8 c:/ac6/systemworkbench/plugins/fr.ac6.mcu.externaltools.arm-none.win32_1.16.0.201807130628/tools/compiler/bin/../lib/gcc/arm-none-eabi/7.2.1/thumb/v7-m/crtn.o
                0x08003184                . = ALIGN (0x4)
                0x08003184                _etext = .

.vfp11_veneer   0x08003184        0x0
 .vfp11_veneer  0x08003184        0x0 linker stubs

.v4_bx          0x08003184        0x0
 .v4_bx         0x08003184        0x0 linker stubs

.iplt           0x08003184        0x0
 .iplt          0x08003184        0x0 c:/ac6/systemworkbench/plugins/fr.ac6.mcu.externaltools.arm-none.win32_1.16.0.201807130628/tools/compiler/bin/../lib/gcc/arm-none-eabi/7.2.1/thumb/v7-m/crtbegin.o

.rodata         0x08003184       0x3c
                0x08003184                . = ALIGN (0x4)
 *(.rodata)
 .rodata        0x08003184       0x13 Core/Src/main.o
 *fill*         0x08003197        0x1 
 .rodata        0x08003198       0x18 Core/Src/system_stm32f1xx.o
                0x08003198                AHBPrescTable
                0x080031a8                APBPrescTable
 .rodata        0x080031b0       0x10 Drivers/STM32F1xx_HAL_Driver/Src/stm32f1xx_hal_rcc.o
 *(.rodata*)
                0x080031c0                . = ALIGN (0x4)

.rel.dyn        0x080031c0        0x0
 .rel.iplt      0x080031c0        0x0 c:/ac6/systemworkbench/plugins/fr.ac6.mcu.externaltools.arm-none.win32_1.16.0.201807130628/tools/compiler/bin/../lib/gcc/arm-none-eabi/7.2.1/thumb/v7-m/crtbegin.o

.ARM.extab
 *(.ARM.extab* .gnu.linkonce.armextab.*)

.ARM            0x080031c0        0x0
                0x080031c0                __exidx_start = .
 *(.ARM.exidx*)
                0x080031c0                __exidx_end = .

.preinit_array  0x080031c0        0x0
                0x080031c0                PROVIDE (__preinit_array_start, .)
 *(.preinit_array*)
                0x080031c0                PROVIDE (__preinit_array_end, .)

.init_array     0x080031c0        0x4
                0x080031c0                PROVIDE (__init_array_start, .)
 *(SORT_BY_NAME(.init_array.*))
 *(.init_array*)
 .init_array    0x080031c0        0x4 c:/ac6/systemworkbench/plugins/fr.ac6.mcu.externaltools.arm-none.win32_1.16.0.201807130628/tools/compiler/bin/../lib/gcc/arm-none-eabi/7.2.1/thumb/v7-m/crtbegin.o
                0x080031c4                PROVIDE (__init_array_end, .)

.fini_array     0x080031c4        0x4
                [!provide]                PROVIDE (__fini_array_start, .)
 *(SORT_BY_NAME(.fini_array.*))
 *(.fini_array*)
 .fini_array    0x080031c4        0x4 c:/ac6/systemworkbench/plugins/fr.ac6.mcu.externaltools.arm-none.win32_1.16.0.201807130628/tools/compiler/bin/../lib/gcc/arm-none-eabi/7.2.1/thumb/v7-m/crtbegin.o
                [!provide]                PROVIDE (__fini_array_end, .)
                0x080031c8                _sidata = LOADADDR (.data)

.data           0x20000000        0xc load address 0x080031c8
                0x20000000                . = ALIGN (0x4)
                0x20000000                _sdata = .
 *(.data)
 .data          0x20000000        0x4 Core/Src/system_stm32f1xx.o
                0x20000000                SystemCoreClock
 .data          0x20000004        0x8 Drivers/STM32F1xx_HAL_Driver/Src/stm32f1xx_hal.o
                0x20000004                uwTickFreq
                0x20000008                uwTickPrio
 *(.data*)
                0x2000000c                . = ALIGN (0x4)
                0x2000000c                _edata = .

.igot.plt       0x2000000c        0x0 load address 0x080031d4
 .igot.plt      0x2000000c        0x0 c:/ac6/systemworkbench/plugins/fr.ac6.mcu.externaltools.arm-none.win32_1.16.0.201807130628/tools/compiler/bin/../lib/gcc/arm-none-eabi/7.2.1/thumb/v7-m/crtbegin.o
                0x2000000c                . = ALIGN (0x4)

.bss            0x2000000c      0x160 load address 0x080031d4
                0x2000000c                _sbss = .
                0x2000000c                __bss_start__ = _sbss
 *(.bss)
 .bss           0x2000000c       0x1c c:/ac6/systemworkbench/plugins/fr.ac6.mcu.externaltools.arm-none.win32_1.16.0.201807130628/tools/compiler/bin/../lib/gcc/arm-none-eabi/7.2.1/thumb/v7-m/crtbegin.o
 *(.bss*)
 *(COMMON)
 COMMON         0x20000028      0x140 Core/Src/main.o
                0x20000028                _print_signal
                0x2000002e                Rollback_Read
                0x20000030                App_Stroke_mm_Operation
                0x20000034                CARTON_PRESS_DELAY
                0x20000038                PIPE_on
                0x2000003c                huart3
                0x2000007c                _buff
                0x20000080                PIPE_off
                0x20000084                App_Stroke_mm
                0x20000088                PRINT_on
                0x2000008c                SPS
                0x20000090                uartchar_rec_buffer
                0x20000158                Suction_On_time
                0x2000015c                carton_sen
                0x2000015d                rollback_home
                0x20000160                uartchar
                0x20000164                count_buff
 COMMON         0x20000168        0x4 Drivers/STM32F1xx_HAL_Driver/Src/stm32f1xx_hal.o
                0x20000168                uwTick
                0x2000016c                . = ALIGN (0x4)
                0x2000016c                _ebss = .
                0x2000016c                __bss_end__ = _ebss

._user_heap_stack
                0x2000016c      0x604 load address 0x080031d4
                0x20000170                . = ALIGN (0x8)
 *fill*         0x2000016c        0x4 
                [!provide]                PROVIDE (end, .)
                [!provide]                PROVIDE (_end, .)
                0x20000370                . = (. + _Min_Heap_Size)
 *fill*         0x20000170      0x200 
                0x20000770                . = (. + _Min_Stack_Size)
 *fill*         0x20000370      0x400 
                0x20000770                . = ALIGN (0x8)

/DISCARD/
 libc.a(*)
 libm.a(*)
 libgcc.a(*)

.ARM.attributes
                0x00000000       0x29
 *(.ARM.attributes)
 .ARM.attributes
                0x00000000       0x1d c:/ac6/systemworkbench/plugins/fr.ac6.mcu.externaltools.arm-none.win32_1.16.0.201807130628/tools/compiler/bin/../lib/gcc/arm-none-eabi/7.2.1/thumb/v7-m/crti.o
 .ARM.attributes
                0x0000001d       0x2d c:/ac6/systemworkbench/plugins/fr.ac6.mcu.externaltools.arm-none.win32_1.16.0.201807130628/tools/compiler/bin/../lib/gcc/arm-none-eabi/7.2.1/thumb/v7-m/crtbegin.o
 .ARM.attributes
                0x0000004a       0x33 Core/Src/main.o
 .ARM.attributes
                0x0000007d       0x33 Core/Src/stm32f1xx_hal_msp.o
 .ARM.attributes
                0x000000b0       0x33 Core/Src/stm32f1xx_it.o
 .ARM.attributes
                0x000000e3       0x33 Core/Src/system_stm32f1xx.o
 .ARM.attributes
                0x00000116       0x33 Drivers/STM32F1xx_HAL_Driver/Src/stm32f1xx_hal.o
 .ARM.attributes
                0x00000149       0x33 Drivers/STM32F1xx_HAL_Driver/Src/stm32f1xx_hal_cortex.o
 .ARM.attributes
                0x0000017c       0x33 Drivers/STM32F1xx_HAL_Driver/Src/stm32f1xx_hal_dma.o
 .ARM.attributes
                0x000001af       0x33 Drivers/STM32F1xx_HAL_Driver/Src/stm32f1xx_hal_gpio.o
 .ARM.attributes
                0x000001e2       0x33 Drivers/STM32F1xx_HAL_Driver/Src/stm32f1xx_hal_rcc.o
 .ARM.attributes
                0x00000215       0x33 Drivers/STM32F1xx_HAL_Driver/Src/stm32f1xx_hal_uart.o
 .ARM.attributes
                0x00000248       0x21 startup/startup_stm32f103xb.o
 .ARM.attributes
                0x00000269       0x2d c:/ac6/systemworkbench/plugins/fr.ac6.mcu.externaltools.arm-none.win32_1.16.0.201807130628/tools/compiler/bin/../lib/gcc/arm-none-eabi/7.2.1/../../../../arm-none-eabi/lib/thumb/v7-m\libc_nano.a(lib_a-init.o)
 .ARM.attributes
                0x00000296       0x2d c:/ac6/systemworkbench/plugins/fr.ac6.mcu.externaltools.arm-none.win32_1.16.0.201807130628/tools/compiler/bin/../lib/gcc/arm-none-eabi/7.2.1/../../../../arm-none-eabi/lib/thumb/v7-m\libc_nano.a(lib_a-memset.o)
 .ARM.attributes
                0x000002c3       0x1d c:/ac6/systemworkbench/plugins/fr.ac6.mcu.externaltools.arm-none.win32_1.16.0.201807130628/tools/compiler/bin/../lib/gcc/arm-none-eabi/7.2.1/thumb/v7-m/crtn.o
OUTPUT(pna mig.elf elf32-littlearm)

.debug_info     0x00000000    0x10640
 .debug_info    0x00000000     0x5ba9 Core/Src/main.o
 .debug_info    0x00005ba9     0x1569 Core/Src/stm32f1xx_hal_msp.o
 .debug_info    0x00007112     0x113c Core/Src/stm32f1xx_it.o
 .debug_info    0x0000824e      0xc5c Core/Src/system_stm32f1xx.o
 .debug_info    0x00008eaa      0xfdc Drivers/STM32F1xx_HAL_Driver/Src/stm32f1xx_hal.o
 .debug_info    0x00009e86     0x14ba Drivers/STM32F1xx_HAL_Driver/Src/stm32f1xx_hal_cortex.o
 .debug_info    0x0000b340     0x105e Drivers/STM32F1xx_HAL_Driver/Src/stm32f1xx_hal_dma.o
 .debug_info    0x0000c39e      0xed3 Drivers/STM32F1xx_HAL_Driver/Src/stm32f1xx_hal_gpio.o
 .debug_info    0x0000d271     0x12c6 Drivers/STM32F1xx_HAL_Driver/Src/stm32f1xx_hal_rcc.o
 .debug_info    0x0000e537     0x20e7 Drivers/STM32F1xx_HAL_Driver/Src/stm32f1xx_hal_uart.o
 .debug_info    0x0001061e       0x22 startup/startup_stm32f103xb.o

.debug_abbrev   0x00000000     0x20c2
 .debug_abbrev  0x00000000      0x53a Core/Src/main.o
 .debug_abbrev  0x0000053a      0x283 Core/Src/stm32f1xx_hal_msp.o
 .debug_abbrev  0x000007bd      0x2aa Core/Src/stm32f1xx_it.o
 .debug_abbrev  0x00000a67      0x228 Core/Src/system_stm32f1xx.o
 .debug_abbrev  0x00000c8f      0x354 Drivers/STM32F1xx_HAL_Driver/Src/stm32f1xx_hal.o
 .debug_abbrev  0x00000fe3      0x3c5 Drivers/STM32F1xx_HAL_Driver/Src/stm32f1xx_hal_cortex.o
 .debug_abbrev  0x000013a8      0x2ee Drivers/STM32F1xx_HAL_Driver/Src/stm32f1xx_hal_dma.o
 .debug_abbrev  0x00001696      0x2a5 Drivers/STM32F1xx_HAL_Driver/Src/stm32f1xx_hal_gpio.o
 .debug_abbrev  0x0000193b      0x3ba Drivers/STM32F1xx_HAL_Driver/Src/stm32f1xx_hal_rcc.o
 .debug_abbrev  0x00001cf5      0x3bb Drivers/STM32F1xx_HAL_Driver/Src/stm32f1xx_hal_uart.o
 .debug_abbrev  0x000020b0       0x12 startup/startup_stm32f103xb.o

.debug_loc      0x00000000     0x528f
 .debug_loc     0x00000000     0x21a0 Core/Src/main.o
 .debug_loc     0x000021a0       0x84 Core/Src/stm32f1xx_hal_msp.o
 .debug_loc     0x00002224       0xcd Core/Src/system_stm32f1xx.o
 .debug_loc     0x000022f1      0x10d Drivers/STM32F1xx_HAL_Driver/Src/stm32f1xx_hal.o
 .debug_loc     0x000023fe      0x56c Drivers/STM32F1xx_HAL_Driver/Src/stm32f1xx_hal_cortex.o
 .debug_loc     0x0000296a      0x993 Drivers/STM32F1xx_HAL_Driver/Src/stm32f1xx_hal_dma.o
 .debug_loc     0x000032fd      0x41e Drivers/STM32F1xx_HAL_Driver/Src/stm32f1xx_hal_gpio.o
 .debug_loc     0x0000371b      0x5e2 Drivers/STM32F1xx_HAL_Driver/Src/stm32f1xx_hal_rcc.o
 .debug_loc     0x00003cfd     0x1592 Drivers/STM32F1xx_HAL_Driver/Src/stm32f1xx_hal_uart.o

.debug_aranges  0x00000000      0x588
 .debug_aranges
                0x00000000       0x98 Core/Src/main.o
 .debug_aranges
                0x00000098       0x40 Core/Src/stm32f1xx_hal_msp.o
 .debug_aranges
                0x000000d8       0x58 Core/Src/stm32f1xx_it.o
 .debug_aranges
                0x00000130       0x28 Core/Src/system_stm32f1xx.o
 .debug_aranges
                0x00000158       0xc8 Drivers/STM32F1xx_HAL_Driver/Src/stm32f1xx_hal.o
 .debug_aranges
                0x00000220       0x90 Drivers/STM32F1xx_HAL_Driver/Src/stm32f1xx_hal_cortex.o
 .debug_aranges
                0x000002b0       0x78 Drivers/STM32F1xx_HAL_Driver/Src/stm32f1xx_hal_dma.o
 .debug_aranges
                0x00000328       0x58 Drivers/STM32F1xx_HAL_Driver/Src/stm32f1xx_hal_gpio.o
 .debug_aranges
                0x00000380       0x88 Drivers/STM32F1xx_HAL_Driver/Src/stm32f1xx_hal_rcc.o
 .debug_aranges
                0x00000408      0x158 Drivers/STM32F1xx_HAL_Driver/Src/stm32f1xx_hal_uart.o
 .debug_aranges
                0x00000560       0x28 startup/startup_stm32f103xb.o

.debug_ranges   0x00000000     0x1370
 .debug_ranges  0x00000000      0xa98 Core/Src/main.o
 .debug_ranges  0x00000a98       0xd0 Core/Src/stm32f1xx_hal_msp.o
 .debug_ranges  0x00000b68       0x48 Core/Src/stm32f1xx_it.o
 .debug_ranges  0x00000bb0       0x18 Core/Src/system_stm32f1xx.o
 .debug_ranges  0x00000bc8       0xb8 Drivers/STM32F1xx_HAL_Driver/Src/stm32f1xx_hal.o
 .debug_ranges  0x00000c80      0x148 Drivers/STM32F1xx_HAL_Driver/Src/stm32f1xx_hal_cortex.o
 .debug_ranges  0x00000dc8       0xc0 Drivers/STM32F1xx_HAL_Driver/Src/stm32f1xx_hal_dma.o
 .debug_ranges  0x00000e88       0x60 Drivers/STM32F1xx_HAL_Driver/Src/stm32f1xx_hal_gpio.o
 .debug_ranges  0x00000ee8      0x110 Drivers/STM32F1xx_HAL_Driver/Src/stm32f1xx_hal_rcc.o
 .debug_ranges  0x00000ff8      0x358 Drivers/STM32F1xx_HAL_Driver/Src/stm32f1xx_hal_uart.o
 .debug_ranges  0x00001350       0x20 startup/startup_stm32f103xb.o

.debug_macro    0x00000000    0x1505d
 .debug_macro   0x00000000      0x329 Core/Src/main.o
 .debug_macro   0x00000329      0xa60 Core/Src/main.o
 .debug_macro   0x00000d89      0x16f Core/Src/main.o
 .debug_macro   0x00000ef8       0x2e Core/Src/main.o
 .debug_macro   0x00000f26       0x22 Core/Src/main.o
 .debug_macro   0x00000f48       0x22 Core/Src/main.o
 .debug_macro   0x00000f6a       0x87 Core/Src/main.o
 .debug_macro   0x00000ff1       0x51 Core/Src/main.o
 .debug_macro   0x00001042       0xef Core/Src/main.o
 .debug_macro   0x00001131       0x6a Core/Src/main.o
 .debug_macro   0x0000119b      0x1df Core/Src/main.o
 .debug_macro   0x0000137a       0x34 Core/Src/main.o
 .debug_macro   0x000013ae       0x34 Core/Src/main.o
 .debug_macro   0x000013e2      0xb8e Core/Src/main.o
 .debug_macro   0x00001f70     0xe911 Core/Src/main.o
 .debug_macro   0x00010881       0x43 Core/Src/main.o
 .debug_macro   0x000108c4       0x58 Core/Src/main.o
 .debug_macro   0x0001091c       0x17 Core/Src/main.o
 .debug_macro   0x00010933       0x35 Core/Src/main.o
 .debug_macro   0x00010968       0x9c Core/Src/main.o
 .debug_macro   0x00010a04       0x16 Core/Src/main.o
 .debug_macro   0x00010a1a       0x97 Core/Src/main.o
 .debug_macro   0x00010ab1      0x330 Core/Src/main.o
 .debug_macro   0x00010de1       0xfd Core/Src/main.o
 .debug_macro   0x00010ede       0x10 Core/Src/main.o
 .debug_macro   0x00010eee       0x58 Core/Src/main.o
 .debug_macro   0x00010f46       0x1f Core/Src/main.o
 .debug_macro   0x00010f65       0x43 Core/Src/main.o
 .debug_macro   0x00010fa8       0x20 Core/Src/main.o
 .debug_macro   0x00010fc8      0x18e Core/Src/main.o
 .debug_macro   0x00011156       0x10 Core/Src/main.o
 .debug_macro   0x00011166       0x1c Core/Src/main.o
 .debug_macro   0x00011182       0x52 Core/Src/main.o
 .debug_macro   0x000111d4       0x40 Core/Src/main.o
 .debug_macro   0x00011214       0x10 Core/Src/main.o
 .debug_macro   0x00011224       0x40 Core/Src/main.o
 .debug_macro   0x00011264       0xd7 Core/Src/main.o
 .debug_macro   0x0001133b       0x1c Core/Src/main.o
 .debug_macro   0x00011357       0x3d Core/Src/main.o
 .debug_macro   0x00011394       0x16 Core/Src/main.o
 .debug_macro   0x000113aa      0x16f Core/Src/main.o
 .debug_macro   0x00011519       0x50 Core/Src/main.o
 .debug_macro   0x00011569      0x5c2 Core/Src/main.o
 .debug_macro   0x00011b2b      0x28a Core/Src/main.o
 .debug_macro   0x00011db5      0x1cb Core/Src/main.o
 .debug_macro   0x00011f80      0x11e Core/Src/main.o
 .debug_macro   0x0001209e      0x1b3 Core/Src/main.o
 .debug_macro   0x00012251       0x27 Core/Src/main.o
 .debug_macro   0x00012278      0x1bc Core/Src/main.o
 .debug_macro   0x00012434       0x34 Core/Src/main.o
 .debug_macro   0x00012468       0x3c Core/Src/main.o
 .debug_macro   0x000124a4       0x57 Core/Src/main.o
 .debug_macro   0x000124fb       0x8c Core/Src/main.o
 .debug_macro   0x00012587      0x242 Core/Src/main.o
 .debug_macro   0x000127c9      0x143 Core/Src/main.o
 .debug_macro   0x0001290c      0x853 Core/Src/main.o
 .debug_macro   0x0001315f       0x1f Core/Src/main.o
 .debug_macro   0x0001317e      0x26b Core/Src/main.o
 .debug_macro   0x000133e9       0x83 Core/Src/main.o
 .debug_macro   0x0001346c      0x118 Core/Src/main.o
 .debug_macro   0x00013584      0x2f3 Core/Src/stm32f1xx_hal_msp.o
 .debug_macro   0x00013877      0x2fd Core/Src/stm32f1xx_it.o
 .debug_macro   0x00013b74      0x2ea Core/Src/system_stm32f1xx.o
 .debug_macro   0x00013e5e      0x308 Drivers/STM32F1xx_HAL_Driver/Src/stm32f1xx_hal.o
 .debug_macro   0x00014166      0x2e4 Drivers/STM32F1xx_HAL_Driver/Src/stm32f1xx_hal_cortex.o
 .debug_macro   0x0001444a      0x2e4 Drivers/STM32F1xx_HAL_Driver/Src/stm32f1xx_hal_dma.o
 .debug_macro   0x0001472e      0x354 Drivers/STM32F1xx_HAL_Driver/Src/stm32f1xx_hal_gpio.o
 .debug_macro   0x00014a82      0x2f6 Drivers/STM32F1xx_HAL_Driver/Src/stm32f1xx_hal_rcc.o
 .debug_macro   0x00014d78      0x2e5 Drivers/STM32F1xx_HAL_Driver/Src/stm32f1xx_hal_uart.o

.debug_line     0x00000000     0x7411
 .debug_line    0x00000000     0x14ea Core/Src/main.o
 .debug_line    0x000014ea      0x809 Core/Src/stm32f1xx_hal_msp.o
 .debug_line    0x00001cf3      0x7e2 Core/Src/stm32f1xx_it.o
 .debug_line    0x000024d5      0x7a0 Core/Src/system_stm32f1xx.o
 .debug_line    0x00002c75      0x923 Drivers/STM32F1xx_HAL_Driver/Src/stm32f1xx_hal.o
 .debug_line    0x00003598      0x97e Drivers/STM32F1xx_HAL_Driver/Src/stm32f1xx_hal_cortex.o
 .debug_line    0x00003f16      0xc7d Drivers/STM32F1xx_HAL_Driver/Src/stm32f1xx_hal_dma.o
 .debug_line    0x00004b93      0x95e Drivers/STM32F1xx_HAL_Driver/Src/stm32f1xx_hal_gpio.o
 .debug_line    0x000054f1      0xb4e Drivers/STM32F1xx_HAL_Driver/Src/stm32f1xx_hal_rcc.o
 .debug_line    0x0000603f     0x1355 Drivers/STM32F1xx_HAL_Driver/Src/stm32f1xx_hal_uart.o
 .debug_line    0x00007394       0x7d startup/startup_stm32f103xb.o

.debug_str      0x00000000    0x71444
 .debug_str     0x00000000    0x6fda4 Core/Src/main.o
                              0x70186 (size before relaxing)
 .debug_str     0x0006fda4      0x2e5 Core/Src/stm32f1xx_hal_msp.o
                              0x6fab0 (size before relaxing)
 .debug_str     0x00070089      0x14f Core/Src/stm32f1xx_it.o
                              0x6f79a (size before relaxing)
 .debug_str     0x000701d8       0x6e Core/Src/system_stm32f1xx.o
                              0x6ed4e (size before relaxing)
 .debug_str     0x00070246      0x3ba Drivers/STM32F1xx_HAL_Driver/Src/stm32f1xx_hal.o
                              0x6f388 (size before relaxing)
 .debug_str     0x00070600      0x246 Drivers/STM32F1xx_HAL_Driver/Src/stm32f1xx_hal_cortex.o
                              0x6f357 (size before relaxing)
 .debug_str     0x00070846      0x23f Drivers/STM32F1xx_HAL_Driver/Src/stm32f1xx_hal_dma.o
                              0x6f0bb (size before relaxing)
 .debug_str     0x00070a85      0x299 Drivers/STM32F1xx_HAL_Driver/Src/stm32f1xx_hal_gpio.o
                              0x6f09e (size before relaxing)
 .debug_str     0x00070d1e      0x21e Drivers/STM32F1xx_HAL_Driver/Src/stm32f1xx_hal_rcc.o
                              0x6f0f3 (size before relaxing)
 .debug_str     0x00070f3c      0x4d8 Drivers/STM32F1xx_HAL_Driver/Src/stm32f1xx_hal_uart.o
                              0x6f60c (size before relaxing)
 .debug_str     0x00071414       0x30 startup/startup_stm32f103xb.o
                                 0x74 (size before relaxing)

.comment        0x00000000       0x7e
 .comment       0x00000000       0x7e Core/Src/main.o
                                 0x7f (size before relaxing)
 .comment       0x0000007e       0x7f Core/Src/stm32f1xx_hal_msp.o
 .comment       0x0000007e       0x7f Core/Src/stm32f1xx_it.o
 .comment       0x0000007e       0x7f Core/Src/system_stm32f1xx.o
 .comment       0x0000007e       0x7f Drivers/STM32F1xx_HAL_Driver/Src/stm32f1xx_hal.o
 .comment       0x0000007e       0x7f Drivers/STM32F1xx_HAL_Driver/Src/stm32f1xx_hal_cortex.o
 .comment       0x0000007e       0x7f Drivers/STM32F1xx_HAL_Driver/Src/stm32f1xx_hal_dma.o
 .comment       0x0000007e       0x7f Drivers/STM32F1xx_HAL_Driver/Src/stm32f1xx_hal_gpio.o
 .comment       0x0000007e       0x7f Drivers/STM32F1xx_HAL_Driver/Src/stm32f1xx_hal_rcc.o
 .comment       0x0000007e       0x7f Drivers/STM32F1xx_HAL_Driver/Src/stm32f1xx_hal_uart.o

.debug_frame    0x00000000     0x10b8
 .debug_frame   0x00000000      0x238 Core/Src/main.o
 .debug_frame   0x00000238       0xa0 Core/Src/stm32f1xx_hal_msp.o
 .debug_frame   0x000002d8       0xd0 Core/Src/stm32f1xx_it.o
 .debug_frame   0x000003a8       0x3c Core/Src/system_stm32f1xx.o
 .debug_frame   0x000003e4      0x1b0 Drivers/STM32F1xx_HAL_Driver/Src/stm32f1xx_hal.o
 .debug_frame   0x00000594      0x138 Drivers/STM32F1xx_HAL_Driver/Src/stm32f1xx_hal_cortex.o
 .debug_frame   0x000006cc      0x1a8 Drivers/STM32F1xx_HAL_Driver/Src/stm32f1xx_hal_dma.o
 .debug_frame   0x00000874       0xec Drivers/STM32F1xx_HAL_Driver/Src/stm32f1xx_hal_gpio.o
 .debug_frame   0x00000960      0x184 Drivers/STM32F1xx_HAL_Driver/Src/stm32f1xx_hal_rcc.o
 .debug_frame   0x00000ae4      0x588 Drivers/STM32F1xx_HAL_Driver/Src/stm32f1xx_hal_uart.o
 .debug_frame   0x0000106c       0x2c c:/ac6/systemworkbench/plugins/fr.ac6.mcu.externaltools.arm-none.win32_1.16.0.201807130628/tools/compiler/bin/../lib/gcc/arm-none-eabi/7.2.1/../../../../arm-none-eabi/lib/thumb/v7-m\libc_nano.a(lib_a-init.o)
 .debug_frame   0x00001098       0x20 c:/ac6/systemworkbench/plugins/fr.ac6.mcu.externaltools.arm-none.win32_1.16.0.201807130628/tools/compiler/bin/../lib/gcc/arm-none-eabi/7.2.1/../../../../arm-none-eabi/lib/thumb/v7-m\libc_nano.a(lib_a-memset.o)
